[00:01:17] [Craft Scheduler Thread - 19076 - CosmeticsPlugin/INFO]: [CosmeticsPlugin] [Cosmetics] Player data reloaded.
[00:06:17] [Craft Scheduler Thread - 19098 - CosmeticsPlugin/INFO]: [CosmeticsPlugin] [Cosmetics] Player data reloaded.
[00:11:17] [Craft Scheduler Thread - 19120 - CosmeticsPlugin/INFO]: [CosmeticsPlugin] [Cosmetics] Player data reloaded.
[00:16:17] [Craft Scheduler Thread - 19139 - CosmeticsPlugin/INFO]: [CosmeticsPlugin] [Cosmetics] Player data reloaded.
[00:21:17] [Craft Scheduler Thread - 19161 - CosmeticsPlugin/INFO]: [CosmeticsPlugin] [Cosmetics] Player data reloaded.
[00:26:17] [Craft Scheduler Thread - 19180 - CosmeticsPlugin/INFO]: [CosmeticsPlugin] [Cosmetics] Player data reloaded.
[00:31:17] [Craft Scheduler Thread - 19200 - CosmeticsPlugin/INFO]: [CosmeticsPlugin] [Cosmetics] Player data reloaded.
[00:36:17] [Craft Scheduler Thread - 19219 - CosmeticsPlugin/INFO]: [CosmeticsPlugin] [Cosmetics] Player data reloaded.
[00:41:17] [Craft Scheduler Thread - 19242 - CosmeticsPlugin/INFO]: [CosmeticsPlugin] [Cosmetics] Player data reloaded.
[00:46:17] [Craft Scheduler Thread - 19262 - CosmeticsPlugin/INFO]: [CosmeticsPlugin] [Cosmetics] Player data reloaded.
[00:51:17] [Craft Scheduler Thread - 19281 - CosmeticsPlugin/INFO]: [CosmeticsPlugin] [Cosmetics] Player data reloaded.
[00:56:17] [Craft Scheduler Thread - 19303 - CosmeticsPlugin/INFO]: [CosmeticsPlugin] [Cosmetics] Player data reloaded.
[01:01:17] [Craft Scheduler Thread - 19322 - CosmeticsPlugin/INFO]: [CosmeticsPlugin] [Cosmetics] Player data reloaded.
[01:06:17] [Craft Scheduler Thread - 19340 - CosmeticsPlugin/INFO]: [CosmeticsPlugin] [Cosmetics] Player data reloaded.
[01:11:17] [Craft Scheduler Thread - 19361 - CosmeticsPlugin/INFO]: [CosmeticsPlugin] [Cosmetics] Player data reloaded.
[01:16:17] [Craft Scheduler Thread - 19382 - CosmeticsPlugin/INFO]: [CosmeticsPlugin] [Cosmetics] Player data reloaded.
[01:21:17] [Craft Scheduler Thread - 19404 - CosmeticsPlugin/INFO]: [CosmeticsPlugin] [Cosmetics] Player data reloaded.
[01:26:17] [Craft Scheduler Thread - 19417 - CosmeticsPlugin/INFO]: [CosmeticsPlugin] [Cosmetics] Player data reloaded.
[01:31:17] [Craft Scheduler Thread - 19445 - CosmeticsPlugin/INFO]: [CosmeticsPlugin] [Cosmetics] Player data reloaded.
[01:36:17] [Craft Scheduler Thread - 19461 - CosmeticsPlugin/INFO]: [CosmeticsPlugin] [Cosmetics] Player data reloaded.
[01:41:17] [Craft Scheduler Thread - 19486 - CosmeticsPlugin/INFO]: [CosmeticsPlugin] [Cosmetics] Player data reloaded.
[01:46:17] [Craft Scheduler Thread - 19506 - CosmeticsPlugin/INFO]: [CosmeticsPlugin] [Cosmetics] Player data reloaded.
[01:51:17] [Craft Scheduler Thread - 19525 - CosmeticsPlugin/INFO]: [CosmeticsPlugin] [Cosmetics] Player data reloaded.
[01:56:17] [Craft Scheduler Thread - 19545 - CosmeticsPlugin/INFO]: [CosmeticsPlugin] [Cosmetics] Player data reloaded.
[02:01:17] [Craft Scheduler Thread - 19566 - CosmeticsPlugin/INFO]: [CosmeticsPlugin] [Cosmetics] Player data reloaded.
[02:06:17] [Craft Scheduler Thread - 19586 - CosmeticsPlugin/INFO]: [CosmeticsPlugin] [Cosmetics] Player data reloaded.
[02:11:17] [Craft Scheduler Thread - 19608 - CosmeticsPlugin/INFO]: [CosmeticsPlugin] [Cosmetics] Player data reloaded.
[02:16:17] [Craft Scheduler Thread - 19626 - CosmeticsPlugin/INFO]: [CosmeticsPlugin] [Cosmetics] Player data reloaded.
[02:21:17] [Craft Scheduler Thread - 19650 - CosmeticsPlugin/INFO]: [CosmeticsPlugin] [Cosmetics] Player data reloaded.
[02:26:17] [Craft Scheduler Thread - 19669 - CosmeticsPlugin/INFO]: [CosmeticsPlugin] [Cosmetics] Player data reloaded.
[02:31:17] [Craft Scheduler Thread - 19686 - CosmeticsPlugin/INFO]: [CosmeticsPlugin] [Cosmetics] Player data reloaded.
[02:36:17] [Craft Scheduler Thread - 19707 - CosmeticsPlugin/INFO]: [CosmeticsPlugin] [Cosmetics] Player data reloaded.
[02:41:17] [Craft Scheduler Thread - 19730 - CosmeticsPlugin/INFO]: [CosmeticsPlugin] [Cosmetics] Player data reloaded.
[02:46:17] [Craft Scheduler Thread - 19750 - CosmeticsPlugin/INFO]: [CosmeticsPlugin] [Cosmetics] Player data reloaded.
[02:51:17] [Craft Scheduler Thread - 19772 - CosmeticsPlugin/INFO]: [CosmeticsPlugin] [Cosmetics] Player data reloaded.
[02:56:17] [Craft Scheduler Thread - 19791 - CosmeticsPlugin/INFO]: [CosmeticsPlugin] [Cosmetics] Player data reloaded.
[03:01:17] [Craft Scheduler Thread - 19804 - CosmeticsPlugin/INFO]: [CosmeticsPlugin] [Cosmetics] Player data reloaded.
[03:06:17] [Craft Scheduler Thread - 19831 - CosmeticsPlugin/INFO]: [CosmeticsPlugin] [Cosmetics] Player data reloaded.
[03:11:17] [Craft Scheduler Thread - 19852 - CosmeticsPlugin/INFO]: [CosmeticsPlugin] [Cosmetics] Player data reloaded.
[03:16:17] [Craft Scheduler Thread - 19871 - CosmeticsPlugin/INFO]: [CosmeticsPlugin] [Cosmetics] Player data reloaded.
[03:21:17] [Craft Scheduler Thread - 19891 - CosmeticsPlugin/INFO]: [CosmeticsPlugin] [Cosmetics] Player data reloaded.
[03:26:17] [Craft Scheduler Thread - 19913 - CosmeticsPlugin/INFO]: [CosmeticsPlugin] [Cosmetics] Player data reloaded.
[03:31:17] [Craft Scheduler Thread - 19932 - CosmeticsPlugin/INFO]: [CosmeticsPlugin] [Cosmetics] Player data reloaded.
[03:36:17] [Craft Scheduler Thread - 19953 - CosmeticsPlugin/INFO]: [CosmeticsPlugin] [Cosmetics] Player data reloaded.
[03:41:17] [Craft Scheduler Thread - 19974 - CosmeticsPlugin/INFO]: [CosmeticsPlugin] [Cosmetics] Player data reloaded.
[03:46:17] [Craft Scheduler Thread - 19994 - CosmeticsPlugin/INFO]: [CosmeticsPlugin] [Cosmetics] Player data reloaded.
[03:51:17] [Craft Scheduler Thread - 20014 - CosmeticsPlugin/INFO]: [CosmeticsPlugin] [Cosmetics] Player data reloaded.
[03:56:17] [Craft Scheduler Thread - 20032 - CosmeticsPlugin/INFO]: [CosmeticsPlugin] [Cosmetics] Player data reloaded.
[04:01:17] [Craft Scheduler Thread - 20051 - CosmeticsPlugin/INFO]: [CosmeticsPlugin] [Cosmetics] Player data reloaded.
[04:06:17] [Craft Scheduler Thread - 20075 - CosmeticsPlugin/INFO]: [CosmeticsPlugin] [Cosmetics] Player data reloaded.
[04:11:17] [Craft Scheduler Thread - 20096 - CosmeticsPlugin/INFO]: [CosmeticsPlugin] [Cosmetics] Player data reloaded.
[04:16:17] [Craft Scheduler Thread - 20115 - CosmeticsPlugin/INFO]: [CosmeticsPlugin] [Cosmetics] Player data reloaded.
[04:21:17] [Craft Scheduler Thread - 20135 - CosmeticsPlugin/INFO]: [CosmeticsPlugin] [Cosmetics] Player data reloaded.
[04:26:17] [Craft Scheduler Thread - 20157 - CosmeticsPlugin/INFO]: [CosmeticsPlugin] [Cosmetics] Player data reloaded.
[04:31:17] [Craft Scheduler Thread - 20177 - CosmeticsPlugin/INFO]: [CosmeticsPlugin] [Cosmetics] Player data reloaded.
[04:36:17] [Craft Scheduler Thread - 20197 - CosmeticsPlugin/INFO]: [CosmeticsPlugin] [Cosmetics] Player data reloaded.
[04:41:17] [Craft Scheduler Thread - 20218 - CosmeticsPlugin/INFO]: [CosmeticsPlugin] [Cosmetics] Player data reloaded.
[04:46:17] [Craft Scheduler Thread - 20238 - CosmeticsPlugin/INFO]: [CosmeticsPlugin] [Cosmetics] Player data reloaded.
[04:51:17] [Craft Scheduler Thread - 20257 - CosmeticsPlugin/INFO]: [CosmeticsPlugin] [Cosmetics] Player data reloaded.
[04:56:17] [Craft Scheduler Thread - 20277 - CosmeticsPlugin/INFO]: [CosmeticsPlugin] [Cosmetics] Player data reloaded.
[05:01:17] [Craft Scheduler Thread - 20299 - CosmeticsPlugin/INFO]: [CosmeticsPlugin] [Cosmetics] Player data reloaded.
[05:06:17] [Craft Scheduler Thread - 20318 - CosmeticsPlugin/INFO]: [CosmeticsPlugin] [Cosmetics] Player data reloaded.
[05:11:17] [Craft Scheduler Thread - 20338 - CosmeticsPlugin/INFO]: [CosmeticsPlugin] [Cosmetics] Player data reloaded.
[05:16:17] [Craft Scheduler Thread - 20353 - CosmeticsPlugin/INFO]: [CosmeticsPlugin] [Cosmetics] Player data reloaded.
[05:21:17] [Craft Scheduler Thread - 20380 - CosmeticsPlugin/INFO]: [CosmeticsPlugin] [Cosmetics] Player data reloaded.
[05:26:17] [Craft Scheduler Thread - 20401 - CosmeticsPlugin/INFO]: [CosmeticsPlugin] [Cosmetics] Player data reloaded.
[05:31:17] [Craft Scheduler Thread - 20421 - CosmeticsPlugin/INFO]: [CosmeticsPlugin] [Cosmetics] Player data reloaded.
[05:36:17] [Craft Scheduler Thread - 20442 - CosmeticsPlugin/INFO]: [CosmeticsPlugin] [Cosmetics] Player data reloaded.
[05:41:17] [Craft Scheduler Thread - 20462 - CosmeticsPlugin/INFO]: [CosmeticsPlugin] [Cosmetics] Player data reloaded.
[05:46:17] [Craft Scheduler Thread - 20482 - CosmeticsPlugin/INFO]: [CosmeticsPlugin] [Cosmetics] Player data reloaded.
[05:51:17] [Craft Scheduler Thread - 20504 - CosmeticsPlugin/INFO]: [CosmeticsPlugin] [Cosmetics] Player data reloaded.
[05:51:17] [Craft Scheduler Thread - 20504 - Vault/INFO]: [Vault] Checking for Updates ... 
[05:51:17] [Craft Scheduler Thread - 20504 - Vault/INFO]: [Vault] No new version available
[05:56:17] [Craft Scheduler Thread - 20522 - CosmeticsPlugin/INFO]: [CosmeticsPlugin] [Cosmetics] Player data reloaded.
[06:01:17] [Craft Scheduler Thread - 20543 - CosmeticsPlugin/INFO]: [CosmeticsPlugin] [Cosmetics] Player data reloaded.
[06:06:17] [Craft Scheduler Thread - 20564 - CosmeticsPlugin/INFO]: [CosmeticsPlugin] [Cosmetics] Player data reloaded.
[06:11:17] [Craft Scheduler Thread - 20584 - CosmeticsPlugin/INFO]: [CosmeticsPlugin] [Cosmetics] Player data reloaded.
[06:16:17] [Craft Scheduler Thread - 20604 - CosmeticsPlugin/INFO]: [CosmeticsPlugin] [Cosmetics] Player data reloaded.
[06:21:17] [Craft Scheduler Thread - 20623 - CosmeticsPlugin/INFO]: [CosmeticsPlugin] [Cosmetics] Player data reloaded.
[06:26:17] [Craft Scheduler Thread - 20645 - CosmeticsPlugin/INFO]: [CosmeticsPlugin] [Cosmetics] Player data reloaded.
[06:31:17] [Craft Scheduler Thread - 20665 - CosmeticsPlugin/INFO]: [CosmeticsPlugin] [Cosmetics] Player data reloaded.
[06:36:17] [Craft Scheduler Thread - 20683 - CosmeticsPlugin/INFO]: [CosmeticsPlugin] [Cosmetics] Player data reloaded.
[06:41:17] [Craft Scheduler Thread - 20702 - CosmeticsPlugin/INFO]: [CosmeticsPlugin] [Cosmetics] Player data reloaded.
[06:46:17] [Craft Scheduler Thread - 20725 - CosmeticsPlugin/INFO]: [CosmeticsPlugin] [Cosmetics] Player data reloaded.
[06:51:17] [Craft Scheduler Thread - 20745 - CosmeticsPlugin/INFO]: [CosmeticsPlugin] [Cosmetics] Player data reloaded.
[06:56:17] [Craft Scheduler Thread - 20766 - CosmeticsPlugin/INFO]: [CosmeticsPlugin] [Cosmetics] Player data reloaded.
[07:01:17] [Craft Scheduler Thread - 20782 - CosmeticsPlugin/INFO]: [CosmeticsPlugin] [Cosmetics] Player data reloaded.
[07:06:17] [Craft Scheduler Thread - 20808 - CosmeticsPlugin/INFO]: [CosmeticsPlugin] [Cosmetics] Player data reloaded.
[07:11:17] [Craft Scheduler Thread - 20827 - CosmeticsPlugin/INFO]: [CosmeticsPlugin] [Cosmetics] Player data reloaded.
[07:16:17] [Craft Scheduler Thread - 20847 - CosmeticsPlugin/INFO]: [CosmeticsPlugin] [Cosmetics] Player data reloaded.
[07:21:17] [Craft Scheduler Thread - 20868 - CosmeticsPlugin/INFO]: [CosmeticsPlugin] [Cosmetics] Player data reloaded.
[07:26:17] [Craft Scheduler Thread - 20888 - CosmeticsPlugin/INFO]: [CosmeticsPlugin] [Cosmetics] Player data reloaded.
[07:31:17] [Craft Scheduler Thread - 20906 - CosmeticsPlugin/INFO]: [CosmeticsPlugin] [Cosmetics] Player data reloaded.
[07:36:17] [Craft Scheduler Thread - 20929 - CosmeticsPlugin/INFO]: [CosmeticsPlugin] [Cosmetics] Player data reloaded.
[07:41:17] [Craft Scheduler Thread - 20950 - CosmeticsPlugin/INFO]: [CosmeticsPlugin] [Cosmetics] Player data reloaded.
[07:46:17] [Craft Scheduler Thread - 20967 - CosmeticsPlugin/INFO]: [CosmeticsPlugin] [Cosmetics] Player data reloaded.
[07:51:17] [Craft Scheduler Thread - 20990 - CosmeticsPlugin/INFO]: [CosmeticsPlugin] [Cosmetics] Player data reloaded.
[07:56:17] [Craft Scheduler Thread - 21010 - CosmeticsPlugin/INFO]: [CosmeticsPlugin] [Cosmetics] Player data reloaded.
[08:01:17] [Craft Scheduler Thread - 21031 - CosmeticsPlugin/INFO]: [CosmeticsPlugin] [Cosmetics] Player data reloaded.
[08:06:17] [Craft Scheduler Thread - 21054 - CosmeticsPlugin/INFO]: [CosmeticsPlugin] [Cosmetics] Player data reloaded.
[08:11:17] [Craft Scheduler Thread - 21071 - CosmeticsPlugin/INFO]: [CosmeticsPlugin] [Cosmetics] Player data reloaded.
[08:16:17] [Craft Scheduler Thread - 21091 - CosmeticsPlugin/INFO]: [CosmeticsPlugin] [Cosmetics] Player data reloaded.
[08:21:17] [Craft Scheduler Thread - 21112 - CosmeticsPlugin/INFO]: [CosmeticsPlugin] [Cosmetics] Player data reloaded.
[08:26:17] [Craft Scheduler Thread - 21130 - CosmeticsPlugin/INFO]: [CosmeticsPlugin] [Cosmetics] Player data reloaded.
[08:31:17] [Craft Scheduler Thread - 21151 - CosmeticsPlugin/INFO]: [CosmeticsPlugin] [Cosmetics] Player data reloaded.
[08:36:17] [Craft Scheduler Thread - 21172 - CosmeticsPlugin/INFO]: [CosmeticsPlugin] [Cosmetics] Player data reloaded.
[08:41:17] [Craft Scheduler Thread - 21192 - CosmeticsPlugin/INFO]: [CosmeticsPlugin] [Cosmetics] Player data reloaded.
[08:46:17] [Craft Scheduler Thread - 21213 - CosmeticsPlugin/INFO]: [CosmeticsPlugin] [Cosmetics] Player data reloaded.
[08:51:17] [Craft Scheduler Thread - 21233 - CosmeticsPlugin/INFO]: [CosmeticsPlugin] [Cosmetics] Player data reloaded.
[08:56:17] [Craft Scheduler Thread - 21251 - CosmeticsPlugin/INFO]: [CosmeticsPlugin] [Cosmetics] Player data reloaded.
[09:01:17] [Craft Scheduler Thread - 21273 - CosmeticsPlugin/INFO]: [CosmeticsPlugin] [Cosmetics] Player data reloaded.
[09:06:17] [Craft Scheduler Thread - 21294 - CosmeticsPlugin/INFO]: [CosmeticsPlugin] [Cosmetics] Player data reloaded.
[09:11:17] [Craft Scheduler Thread - 21315 - CosmeticsPlugin/INFO]: [CosmeticsPlugin] [Cosmetics] Player data reloaded.
[09:16:17] [Craft Scheduler Thread - 21335 - CosmeticsPlugin/INFO]: [CosmeticsPlugin] [Cosmetics] Player data reloaded.
[09:21:17] [Craft Scheduler Thread - 21355 - CosmeticsPlugin/INFO]: [CosmeticsPlugin] [Cosmetics] Player data reloaded.
[09:26:17] [Craft Scheduler Thread - 21376 - CosmeticsPlugin/INFO]: [CosmeticsPlugin] [Cosmetics] Player data reloaded.
[09:31:17] [Craft Scheduler Thread - 21393 - CosmeticsPlugin/INFO]: [CosmeticsPlugin] [Cosmetics] Player data reloaded.
[09:36:17] [Craft Scheduler Thread - 21415 - CosmeticsPlugin/INFO]: [CosmeticsPlugin] [Cosmetics] Player data reloaded.
[09:41:17] [Craft Scheduler Thread - 21437 - CosmeticsPlugin/INFO]: [CosmeticsPlugin] [Cosmetics] Player data reloaded.
[09:46:17] [Craft Scheduler Thread - 21457 - CosmeticsPlugin/INFO]: [CosmeticsPlugin] [Cosmetics] Player data reloaded.
[09:51:17] [Craft Scheduler Thread - 21479 - CosmeticsPlugin/INFO]: [CosmeticsPlugin] [Cosmetics] Player data reloaded.
[09:56:17] [Craft Scheduler Thread - 21498 - CosmeticsPlugin/INFO]: [CosmeticsPlugin] [Cosmetics] Player data reloaded.
[10:01:17] [Craft Scheduler Thread - 21517 - CosmeticsPlugin/INFO]: [CosmeticsPlugin] [Cosmetics] Player data reloaded.
[10:06:17] [Craft Scheduler Thread - 21538 - CosmeticsPlugin/INFO]: [CosmeticsPlugin] [Cosmetics] Player data reloaded.
[10:11:17] [Craft Scheduler Thread - 21558 - CosmeticsPlugin/INFO]: [CosmeticsPlugin] [Cosmetics] Player data reloaded.
[10:16:17] [Craft Scheduler Thread - 21579 - CosmeticsPlugin/INFO]: [CosmeticsPlugin] [Cosmetics] Player data reloaded.
[10:21:17] [Craft Scheduler Thread - 21598 - CosmeticsPlugin/INFO]: [CosmeticsPlugin] [Cosmetics] Player data reloaded.
[10:26:17] [Craft Scheduler Thread - 21620 - CosmeticsPlugin/INFO]: [CosmeticsPlugin] [Cosmetics] Player data reloaded.
[10:31:17] [Craft Scheduler Thread - 21638 - CosmeticsPlugin/INFO]: [CosmeticsPlugin] [Cosmetics] Player data reloaded.
[10:36:17] [Craft Scheduler Thread - 21659 - CosmeticsPlugin/INFO]: [CosmeticsPlugin] [Cosmetics] Player data reloaded.
[10:41:17] [Craft Scheduler Thread - 21674 - CosmeticsPlugin/INFO]: [CosmeticsPlugin] [Cosmetics] Player data reloaded.
[10:46:17] [Craft Scheduler Thread - 21701 - CosmeticsPlugin/INFO]: [CosmeticsPlugin] [Cosmetics] Player data reloaded.
[10:51:17] [Craft Scheduler Thread - 21720 - CosmeticsPlugin/INFO]: [CosmeticsPlugin] [Cosmetics] Player data reloaded.
[10:56:17] [Craft Scheduler Thread - 21742 - CosmeticsPlugin/INFO]: [CosmeticsPlugin] [Cosmetics] Player data reloaded.
[11:01:17] [Craft Scheduler Thread - 21761 - CosmeticsPlugin/INFO]: [CosmeticsPlugin] [Cosmetics] Player data reloaded.
[11:06:17] [Craft Scheduler Thread - 21782 - CosmeticsPlugin/INFO]: [CosmeticsPlugin] [Cosmetics] Player data reloaded.
[11:11:17] [Craft Scheduler Thread - 21803 - CosmeticsPlugin/INFO]: [CosmeticsPlugin] [Cosmetics] Player data reloaded.
[11:16:17] [Craft Scheduler Thread - 21820 - CosmeticsPlugin/INFO]: [CosmeticsPlugin] [Cosmetics] Player data reloaded.
[11:21:17] [Craft Scheduler Thread - 21842 - CosmeticsPlugin/INFO]: [CosmeticsPlugin] [Cosmetics] Player data reloaded.
[11:26:17] [Craft Scheduler Thread - 21864 - CosmeticsPlugin/INFO]: [CosmeticsPlugin] [Cosmetics] Player data reloaded.
[11:31:17] [Craft Scheduler Thread - 21883 - CosmeticsPlugin/INFO]: [CosmeticsPlugin] [Cosmetics] Player data reloaded.
[11:36:17] [Craft Scheduler Thread - 21903 - CosmeticsPlugin/INFO]: [CosmeticsPlugin] [Cosmetics] Player data reloaded.
[11:41:17] [Craft Scheduler Thread - 21925 - CosmeticsPlugin/INFO]: [CosmeticsPlugin] [Cosmetics] Player data reloaded.
[11:46:17] [Craft Scheduler Thread - 21945 - CosmeticsPlugin/INFO]: [CosmeticsPlugin] [Cosmetics] Player data reloaded.
[11:51:17] [Craft Scheduler Thread - 21965 - CosmeticsPlugin/INFO]: [CosmeticsPlugin] [Cosmetics] Player data reloaded.
[11:51:17] [Craft Scheduler Thread - 21968 - Vault/INFO]: [Vault] Checking for Updates ... 
[11:51:17] [Craft Scheduler Thread - 21968 - Vault/INFO]: [Vault] No new version available
[11:56:17] [Craft Scheduler Thread - 21986 - CosmeticsPlugin/INFO]: [CosmeticsPlugin] [Cosmetics] Player data reloaded.
[12:01:17] [Craft Scheduler Thread - 22004 - CosmeticsPlugin/INFO]: [CosmeticsPlugin] [Cosmetics] Player data reloaded.
[12:06:17] [Craft Scheduler Thread - 22027 - CosmeticsPlugin/INFO]: [CosmeticsPlugin] [Cosmetics] Player data reloaded.
[12:11:17] [Craft Scheduler Thread - 22046 - CosmeticsPlugin/INFO]: [CosmeticsPlugin] [Cosmetics] Player data reloaded.
[12:16:17] [Craft Scheduler Thread - 22066 - CosmeticsPlugin/INFO]: [CosmeticsPlugin] [Cosmetics] Player data reloaded.
[12:21:17] [Craft Scheduler Thread - 22087 - CosmeticsPlugin/INFO]: [CosmeticsPlugin] [Cosmetics] Player data reloaded.
[12:26:17] [Craft Scheduler Thread - 22108 - CosmeticsPlugin/INFO]: [CosmeticsPlugin] [Cosmetics] Player data reloaded.
[12:31:17] [Craft Scheduler Thread - 22128 - CosmeticsPlugin/INFO]: [CosmeticsPlugin] [Cosmetics] Player data reloaded.
[12:36:17] [Craft Scheduler Thread - 22150 - CosmeticsPlugin/INFO]: [CosmeticsPlugin] [Cosmetics] Player data reloaded.
[12:41:17] [Craft Scheduler Thread - 22163 - CosmeticsPlugin/INFO]: [CosmeticsPlugin] [Cosmetics] Player data reloaded.
[12:46:17] [Craft Scheduler Thread - 22189 - CosmeticsPlugin/INFO]: [CosmeticsPlugin] [Cosmetics] Player data reloaded.
[12:51:17] [Craft Scheduler Thread - 22209 - CosmeticsPlugin/INFO]: [CosmeticsPlugin] [Cosmetics] Player data reloaded.
[12:56:17] [Craft Scheduler Thread - 22229 - CosmeticsPlugin/INFO]: [CosmeticsPlugin] [Cosmetics] Player data reloaded.
[13:01:17] [Craft Scheduler Thread - 22250 - CosmeticsPlugin/INFO]: [CosmeticsPlugin] [Cosmetics] Player data reloaded.
[13:06:17] [Craft Scheduler Thread - 22271 - CosmeticsPlugin/INFO]: [CosmeticsPlugin] [Cosmetics] Player data reloaded.
[13:11:17] [Craft Scheduler Thread - 22291 - CosmeticsPlugin/INFO]: [CosmeticsPlugin] [Cosmetics] Player data reloaded.
[13:16:17] [Craft Scheduler Thread - 22310 - CosmeticsPlugin/INFO]: [CosmeticsPlugin] [Cosmetics] Player data reloaded.
[13:21:17] [Craft Scheduler Thread - 22333 - CosmeticsPlugin/INFO]: [CosmeticsPlugin] [Cosmetics] Player data reloaded.
[13:26:17] [Craft Scheduler Thread - 22352 - CosmeticsPlugin/INFO]: [CosmeticsPlugin] [Cosmetics] Player data reloaded.
[13:31:17] [Craft Scheduler Thread - 22372 - CosmeticsPlugin/INFO]: [CosmeticsPlugin] [Cosmetics] Player data reloaded.
[13:36:17] [Craft Scheduler Thread - 22385 - CosmeticsPlugin/INFO]: [CosmeticsPlugin] [Cosmetics] Player data reloaded.
[13:41:17] [Craft Scheduler Thread - 22412 - CosmeticsPlugin/INFO]: [CosmeticsPlugin] [Cosmetics] Player data reloaded.
[13:46:17] [Craft Scheduler Thread - 22429 - CosmeticsPlugin/INFO]: [CosmeticsPlugin] [Cosmetics] Player data reloaded.
[13:51:17] [Craft Scheduler Thread - 22452 - CosmeticsPlugin/INFO]: [CosmeticsPlugin] [Cosmetics] Player data reloaded.
[13:56:17] [Craft Scheduler Thread - 22474 - CosmeticsPlugin/INFO]: [CosmeticsPlugin] [Cosmetics] Player data reloaded.
[14:01:17] [Craft Scheduler Thread - 22494 - CosmeticsPlugin/INFO]: [CosmeticsPlugin] [Cosmetics] Player data reloaded.
[14:06:17] [Craft Scheduler Thread - 22514 - CosmeticsPlugin/INFO]: [CosmeticsPlugin] [Cosmetics] Player data reloaded.
[14:11:17] [Craft Scheduler Thread - 22535 - CosmeticsPlugin/INFO]: [CosmeticsPlugin] [Cosmetics] Player data reloaded.
[14:16:17] [Craft Scheduler Thread - 22554 - CosmeticsPlugin/INFO]: [CosmeticsPlugin] [Cosmetics] Player data reloaded.
[14:21:17] [Craft Scheduler Thread - 22575 - CosmeticsPlugin/INFO]: [CosmeticsPlugin] [Cosmetics] Player data reloaded.
[14:26:17] [Craft Scheduler Thread - 22596 - CosmeticsPlugin/INFO]: [CosmeticsPlugin] [Cosmetics] Player data reloaded.
[14:31:17] [Craft Scheduler Thread - 22615 - CosmeticsPlugin/INFO]: [CosmeticsPlugin] [Cosmetics] Player data reloaded.
[14:36:17] [Craft Scheduler Thread - 22636 - CosmeticsPlugin/INFO]: [CosmeticsPlugin] [Cosmetics] Player data reloaded.
[14:41:17] [Craft Scheduler Thread - 22657 - CosmeticsPlugin/INFO]: [CosmeticsPlugin] [Cosmetics] Player data reloaded.
[14:46:17] [Craft Scheduler Thread - 22671 - CosmeticsPlugin/INFO]: [CosmeticsPlugin] [Cosmetics] Player data reloaded.
[14:51:17] [Craft Scheduler Thread - 22696 - CosmeticsPlugin/INFO]: [CosmeticsPlugin] [Cosmetics] Player data reloaded.
[14:56:17] [Craft Scheduler Thread - 22714 - CosmeticsPlugin/INFO]: [CosmeticsPlugin] [Cosmetics] Player data reloaded.
[15:01:17] [Craft Scheduler Thread - 22735 - CosmeticsPlugin/INFO]: [CosmeticsPlugin] [Cosmetics] Player data reloaded.
[15:06:17] [Craft Scheduler Thread - 22757 - CosmeticsPlugin/INFO]: [CosmeticsPlugin] [Cosmetics] Player data reloaded.
[15:11:17] [Craft Scheduler Thread - 22779 - CosmeticsPlugin/INFO]: [CosmeticsPlugin] [Cosmetics] Player data reloaded.
[15:16:17] [Craft Scheduler Thread - 22799 - CosmeticsPlugin/INFO]: [CosmeticsPlugin] [Cosmetics] Player data reloaded.
[15:21:17] [Craft Scheduler Thread - 22820 - CosmeticsPlugin/INFO]: [CosmeticsPlugin] [Cosmetics] Player data reloaded.
[15:26:17] [Craft Scheduler Thread - 22839 - CosmeticsPlugin/INFO]: [CosmeticsPlugin] [Cosmetics] Player data reloaded.
[15:31:17] [Craft Scheduler Thread - 22859 - CosmeticsPlugin/INFO]: [CosmeticsPlugin] [Cosmetics] Player data reloaded.
[15:36:17] [Craft Scheduler Thread - 22880 - CosmeticsPlugin/INFO]: [CosmeticsPlugin] [Cosmetics] Player data reloaded.
[15:41:17] [Craft Scheduler Thread - 22901 - CosmeticsPlugin/INFO]: [CosmeticsPlugin] [Cosmetics] Player data reloaded.
[15:41:25] [User Authenticator #10/INFO]: UUID of player martinek2130 is 1b131f75-7f46-3e8d-aced-5cc8c1723387
[15:41:26] [Server thread/INFO]: martinek2130 joined the game
[15:41:26] [Server thread/INFO]: martinek2130[/109.164.48.75:50313] logged in with entity id 27425 at ([minecraft:overworld]4638.899425250111, 107.0, 3886.5808295954316)
[15:43:05] [Server thread/INFO]: martinek2130 issued server command: /shop
[15:46:17] [Craft Scheduler Thread - 22921 - CosmeticsPlugin/INFO]: [CosmeticsPlugin] [Cosmetics] Player data reloaded.
[15:51:17] [Craft Scheduler Thread - 22940 - CosmeticsPlugin/INFO]: [CosmeticsPlugin] [Cosmetics] Player data reloaded.
[15:56:01] [Server thread/INFO]: martinek2130 issued server command: /sell
[15:56:17] [Craft Scheduler Thread - 22960 - CosmeticsPlugin/INFO]: [CosmeticsPlugin] [Cosmetics] Player data reloaded.
[16:01:17] [Craft Scheduler Thread - 22980 - CosmeticsPlugin/INFO]: [CosmeticsPlugin] [Cosmetics] Player data reloaded.
[16:06:17] [Craft Scheduler Thread - 23000 - CosmeticsPlugin/INFO]: [CosmeticsPlugin] [Cosmetics] Player data reloaded.
[16:11:17] [Craft Scheduler Thread - 23021 - CosmeticsPlugin/INFO]: [CosmeticsPlugin] [Cosmetics] Player data reloaded.
[16:16:17] [Craft Scheduler Thread - 23041 - CosmeticsPlugin/INFO]: [CosmeticsPlugin] [Cosmetics] Player data reloaded.
[16:17:41] [Server thread/INFO]: martinek2130 lost connection: Disconnected
[16:17:41] [Server thread/INFO]: [voicechat] Disconnecting client martinek2130
[16:17:41] [Server thread/INFO]: martinek2130 left the game
[16:21:17] [Craft Scheduler Thread - 23058 - CosmeticsPlugin/INFO]: [CosmeticsPlugin] [Cosmetics] Player data reloaded.
[16:26:17] [Craft Scheduler Thread - 23082 - CosmeticsPlugin/INFO]: [CosmeticsPlugin] [Cosmetics] Player data reloaded.
[16:31:17] [Craft Scheduler Thread - 23102 - CosmeticsPlugin/INFO]: [CosmeticsPlugin] [Cosmetics] Player data reloaded.
[16:36:17] [Craft Scheduler Thread - 23122 - CosmeticsPlugin/INFO]: [CosmeticsPlugin] [Cosmetics] Player data reloaded.
[16:41:17] [Craft Scheduler Thread - 23143 - CosmeticsPlugin/INFO]: [CosmeticsPlugin] [Cosmetics] Player data reloaded.
[16:46:17] [Craft Scheduler Thread - 23163 - CosmeticsPlugin/INFO]: [CosmeticsPlugin] [Cosmetics] Player data reloaded.
[16:51:17] [Craft Scheduler Thread - 23182 - CosmeticsPlugin/INFO]: [CosmeticsPlugin] [Cosmetics] Player data reloaded.
[16:56:17] [Craft Scheduler Thread - 23202 - CosmeticsPlugin/INFO]: [CosmeticsPlugin] [Cosmetics] Player data reloaded.
[17:01:17] [Craft Scheduler Thread - 23223 - CosmeticsPlugin/INFO]: [CosmeticsPlugin] [Cosmetics] Player data reloaded.
[17:06:17] [Craft Scheduler Thread - 23244 - CosmeticsPlugin/INFO]: [CosmeticsPlugin] [Cosmetics] Player data reloaded.
[17:11:17] [Craft Scheduler Thread - 23264 - CosmeticsPlugin/INFO]: [CosmeticsPlugin] [Cosmetics] Player data reloaded.
[17:16:17] [Craft Scheduler Thread - 23284 - CosmeticsPlugin/INFO]: [CosmeticsPlugin] [Cosmetics] Player data reloaded.
[17:21:17] [Craft Scheduler Thread - 23305 - CosmeticsPlugin/INFO]: [CosmeticsPlugin] [Cosmetics] Player data reloaded.
[17:26:17] [Craft Scheduler Thread - 23325 - CosmeticsPlugin/INFO]: [CosmeticsPlugin] [Cosmetics] Player data reloaded.
[17:31:17] [Craft Scheduler Thread - 23346 - CosmeticsPlugin/INFO]: [CosmeticsPlugin] [Cosmetics] Player data reloaded.
[17:36:17] [Craft Scheduler Thread - 23366 - CosmeticsPlugin/INFO]: [CosmeticsPlugin] [Cosmetics] Player data reloaded.
[17:41:17] [Craft Scheduler Thread - 23384 - CosmeticsPlugin/INFO]: [CosmeticsPlugin] [Cosmetics] Player data reloaded.
[17:46:17] [Craft Scheduler Thread - 23403 - CosmeticsPlugin/INFO]: [CosmeticsPlugin] [Cosmetics] Player data reloaded.
[17:51:17] [Craft Scheduler Thread - 23427 - CosmeticsPlugin/INFO]: [CosmeticsPlugin] [Cosmetics] Player data reloaded.
[17:51:17] [Craft Scheduler Thread - 23430 - Vault/INFO]: [Vault] Checking for Updates ... 
[17:51:17] [Craft Scheduler Thread - 23430 - Vault/INFO]: [Vault] No new version available
[17:56:17] [Craft Scheduler Thread - 23445 - CosmeticsPlugin/INFO]: [CosmeticsPlugin] [Cosmetics] Player data reloaded.
[18:01:17] [Craft Scheduler Thread - 23468 - CosmeticsPlugin/INFO]: [CosmeticsPlugin] [Cosmetics] Player data reloaded.
[18:06:17] [Craft Scheduler Thread - 23485 - CosmeticsPlugin/INFO]: [CosmeticsPlugin] [Cosmetics] Player data reloaded.
[18:11:17] [Craft Scheduler Thread - 23509 - CosmeticsPlugin/INFO]: [CosmeticsPlugin] [Cosmetics] Player data reloaded.
[18:16:17] [Craft Scheduler Thread - 23526 - CosmeticsPlugin/INFO]: [CosmeticsPlugin] [Cosmetics] Player data reloaded.
[18:21:17] [Craft Scheduler Thread - 23544 - CosmeticsPlugin/INFO]: [CosmeticsPlugin] [Cosmetics] Player data reloaded.
[18:26:17] [Craft Scheduler Thread - 23568 - CosmeticsPlugin/INFO]: [CosmeticsPlugin] [Cosmetics] Player data reloaded.
[18:31:17] [Craft Scheduler Thread - 23588 - CosmeticsPlugin/INFO]: [CosmeticsPlugin] [Cosmetics] Player data reloaded.
[18:36:17] [Craft Scheduler Thread - 23611 - CosmeticsPlugin/INFO]: [CosmeticsPlugin] [Cosmetics] Player data reloaded.
